dungeon 
quest.dat 
air.lev
arc-fila.lev
arc-filb.lev
arc-goal.lev
arc-loca.lev
arc-strt.lev
asmodeus.lev
astral.lev
baalz.lev
bar-fila.lev
bar-filb.lev
bar-goal.lev
bar-loca.lev
bar-strt.lev
beholder.lev
bigrm-1.lev
bigrm-2.lev
bigrm-3.lev
bigrm-4.lev
bigrm-5.lev
blkmar.lev
castle.lev
cav-fila.lev
cav-filb.lev
cav-goal.lev
cav-loca.lev
cav-strt.lev
cav2fill.lev
compu.lev
compue.lev
compux.lev
demogorg.lev
dispater.lev
dragons.lev
earth.lev
fakewiz1.lev
fakewiz2.lev
fire.lev
fla-fila.lev
fla-filb.lev
fla-goal.lev
fla-loca.lev
fla-strt.lev
forge.lev
forgex.lev
frnknstn.lev
gee-fila.lev
gee-filb.lev
gee-goal.lev
gee-loca.lev
gee-strt.lev
geryon.lev
grund-1.lev
grund-2.lev
grund-3.lev
guild.lev
hea-fila.lev
hea-filb.lev
hea-goal.lev
hea-loca.lev
hea-strt.lev
hitch.lev
hitche.lev
hitchx.lev
ice-fila.lev
ice-filb.lev
ice-goal.lev
ice-loca.lev
ice-strt.lev
juiblex.lev
key.lev
keye.lev
keyx.lev
kni-fila.lev
kni-filb.lev
kni-goal.lev
kni-loca.lev
kni-strt.lev
knox.lev
kobold-1.lev
kobold-2.lev
lich.lev
mall-1.lev
mall-2.lev
mall.lev
medusa-1.lev
medusa-2.lev
medusa-3.lev
medusa-4.lev
minefill.lev
mineking.lev
minend-1.lev
minend-2.lev
minend-3.lev
minetn-1.lev
minetn-2.lev
minetn-3.lev
minetn-4.lev
minetn-5.lev
minetn-6.lev
minetn-7.lev
mon-fila.lev
mon-filb.lev
mon-goal.lev
mon-loca.lev
mon-strt.lev
mtemple.lev
nec-fila.lev
nec-filb.lev
nec-goal.lev
nec-loca.lev
nec-strt.lev
nightmar.lev
nymph.lev
oracle.lev
orcus.lev
pri-fila.lev
pri-filb.lev
pri-goal.lev
pri-loca.lev
pri-strt.lev
ran-fila.lev
ran-filb.lev
ran-goal.lev
ran-loca.lev
ran-strt.lev
rats.lev
rog-fila.lev
rog-filb.lev
rog-goal.lev
rog-loca.lev
rog-strt.lev
sam-fila.lev
sam-filb.lev
sam-goal.lev
sam-loca.lev
sam-strt.lev
sanctum.lev
school.lev
sea.lev
soko1-1.lev
soko1-2.lev
soko1-3.lev
soko1-4.lev
soko2-1.lev
soko2-2.lev
soko2-3.lev
soko2-4.lev
soko2-5.lev
soko2-6.lev
soko2-7.lev
soko3-1.lev
soko3-2.lev
soko3-3.lev
soko3-4.lev
soko3-5.lev
soko3-6.lev
soko3-7.lev
soko4-1.lev
soko4-2.lev
soko4-3.lev
soko4-4.lev
soko4-5.lev
spiders.lev
stor-1.lev
stor-2.lev
stor-3.lev
tomb.lev
tou-fila.lev
tou-filb.lev
tou-goal.lev
tou-loca.lev
tou-strt.lev
tower1.lev
tower2.lev
tower3.lev
und-fila.lev
und-filb.lev
und-goal.lev
und-loca.lev
und-strt.lev
val-fila.lev
val-filb.lev
val-goal.lev
val-loca.lev
val-strt.lev
valley.lev
water.lev
wiz-fila.lev
wiz-filb.lev
wiz-goal.lev
wiz-loca.lev
wiz-strt.lev
wizard1.lev
wizard2.lev
wizard3.lev
yeenoghu.lev
yeo-fila.lev
yeo-filb.lev
yeo-goal.lev
yeo-loca.lev
yeo-strt.lev
